// Jest Snapshot v1, https://goo.gl/fbAQLP

exports[`DualCurrency renders fiat and money 1`] = `
<form
  onSubmit={[Function]}
>
  <div
    className="c-dual-currency "
  >
    <label
      className="c-currency c-currency--input c-currency--primary u-margin-bottom-none"
    >
      <input
        className="c-currency--input__native_input"
        id="requestedAmount"
        min="0"
        onChange={[Function]}
        onKeyDown={[Function]}
        placeholder="00"
        step="0.01"
        type="number"
        value="NaN"
      />
      <span
        className="c-currency__tail"
      >
        .00
      </span>
      <small
        className="c-currency__currency"
      />
    </label>
    <small
      className="u-margin-bottom"
    >
      <span
        className="icon icon--loading"
      >
        <svg>
          <use
            xlinkHref="#loading"
          />
        </svg>
      </span>
       
       / XMR 
      <br />
      <a
        target="_blank"
      />
    </small>
    <span
      className="c-currency c-currency--secondary"
    >
      <span
        className="c-currency__value"
      >
        0.000000000000
      </span>
      Â 
      <span
        className="c-currency__tail"
      >
        
      </span>
      <span
        className="c-currency__currency"
      >
        XMR
      </span>
    </span>
  </div>
</form>
`;
